{
    "distances": {
        "content": [
            [
                [
                    {
                        "id": "test"
                    },
                    "test.distances:md5,95f7b1679e805979f0c9a4a322cb77f4"
                ]
            ]
        ],
        "timestamp": "2026-03-13T16:33:18.565249",
        "meta": {
            "nf-test": "0.9.4",
            "nextflow": "25.04.7"
        }
    },
    "bed_fps": {
        "content": [
            [
                [
                    {
                        "id": "test"
                    },
                    "test.falsepositives.vcf.gz:md5,80574ce63724b3d315d688ac603ebb6f"
                ]
            ]
        ],
        "timestamp": "2026-03-13T16:35:12.624781",
        "meta": {
            "nf-test": "0.9.4",
            "nextflow": "25.04.7"
        }
    },
    "bed_distances": {
        "content": [
            [
                [
                    {
                        "id": "test"
                    },
                    "test.distances:md5,b6a908b1187f159429dc8c6beb6e6f57"
                ]
            ]
        ],
        "timestamp": "2026-03-13T16:35:12.636315",
        "meta": {
            "nf-test": "0.9.4",
            "nextflow": "25.04.7"
        }
    },
    "homo_sapiens - illumina - vcf.gz": {
        "content": [
            {
                "versions_svanalyzer": [
                    [
                        "SVANALYZER_SVBENCHMARK",
                        "svanalyzer",
                        "0.36"
                    ]
                ]
            }
        ],
        "timestamp": "2026-03-13T16:35:12.663127",
        "meta": {
            "nf-test": "0.9.4",
            "nextflow": "25.04.7"
        }
    },
    "bed_fns": {
        "content": [
            [
                [
                    {
                        "id": "test"
                    },
                    "test.falsenegatives.vcf.gz:md5,a0b87fd17270e86ec99ba63730db447f"
                ]
            ]
        ],
        "timestamp": "2026-03-13T16:35:12.609021",
        "meta": {
            "nf-test": "0.9.4",
            "nextflow": "25.04.7"
        }
    },
    "fps": {
        "content": [
            [
                [
                    {
                        "id": "test"
                    },
                    "test.falsepositives.vcf.gz:md5,80574ce63724b3d315d688ac603ebb6f"
                ]
            ]
        ],
        "timestamp": "2026-03-13T16:33:18.5585",
        "meta": {
            "nf-test": "0.9.4",
            "nextflow": "25.04.7"
        }
    },
    "report": {
        "content": [
            [
                [
                    {
                        "id": "test"
                    },
                    "test.report:md5,aaa9225dd6e261951c020e23473375b9"
                ]
            ]
        ],
        "timestamp": "2026-03-13T16:33:18.573951",
        "meta": {
            "nf-test": "0.9.4",
            "nextflow": "25.04.7"
        }
    },
    "fns": {
        "content": [
            [
                [
                    {
                        "id": "test"
                    },
                    "test.falsenegatives.vcf.gz:md5,7fa456af2e01f8a421845eda12d62ad1"
                ]
            ]
        ],
        "timestamp": "2026-03-13T16:33:18.53773",
        "meta": {
            "nf-test": "0.9.4",
            "nextflow": "25.04.7"
        }
    },
    "homo_sapiens - illumina - vcf.gz - bed": {
        "content": [
            {
                "versions_svanalyzer": [
                    [
                        "SVANALYZER_SVBENCHMARK",
                        "svanalyzer",
                        "0.36"
                    ]
                ]
            }
        ],
        "timestamp": "2026-03-13T16:33:18.58843",
        "meta": {
            "nf-test": "0.9.4",
            "nextflow": "25.04.7"
        }
    },
    "bed_report": {
        "content": [
            [
                [
                    {
                        "id": "test"
                    },
                    "test.report:md5,d0c7db2466442cbdd4f87ad516e00d32"
                ]
            ]
        ],
        "timestamp": "2026-03-13T16:35:12.649525",
        "meta": {
            "nf-test": "0.9.4",
            "nextflow": "25.04.7"
        }
    }
}